// Jest Snapshot v1, https://goo.gl/fbAQLP

exports[`Button Component should match snapshot 1`] = `
<div
  className="ButtonWrapper"
>
  Test content
</div>
`;
